// Jest Snapshot v1, https://goo.gl/fbAQLP

exports[`test checkbox tests if matches with snapshot 1`] = `
<DocumentFragment>
  <label
    class="MuiFormControlLabel-root"
  >
    <span
      aria-disabled="false"
      class="MuiButtonBase-root MuiIconButton-root PrivateSwitchBase-root-167 MuiCheckbox-root MuiCheckbox-colorPrimary MuiIconButton-colorPrimary"
      data-testid="components/constants/checkbox"
    >
      <span
        class="MuiIconButton-label"
      >
        <input
          class="PrivateSwitchBase-input-170"
          data-indeterminate="false"
          name="Test Name"
          type="checkbox"
          value=""
        />
        <svg
          aria-hidden="true"
          class="MuiSvgIcon-root"
          focusable="false"
          viewBox="0 0 24 24"
        >
          <path
            d="M19 5v14H5V5h14m0-2H5c-1.1 0-2 .9-2 2v14c0 1.1.9 2 2 2h14c1.1 0 2-.9 2-2V5c0-1.1-.9-2-2-2z"
          />
        </svg>
      </span>
      <span
        class="MuiTouchRipple-root"
      />
    </span>
    <span
      class="MuiTypography-root MuiFormControlLabel-label MuiTypography-body1"
    >
      Test Label
    </span>
  </label>
</DocumentFragment>
`;
