// Jest Snapshot v1, https://goo.gl/fbAQLP

exports[`test content tests if matches with snapshot 1`] = `
<DocumentFragment>
  <div
    class="makeStyles-root-2"
    data-testid="components/constants/content"
  >
    <div>
      Child
    </div>
  </div>
</DocumentFragment>
`;
