// Jest Snapshot v1, https://goo.gl/fbAQLP

exports[`test fade component tests if matches with snapshot 1`] = `
<DocumentFragment>
  <div
    data-testid="components/constants/fade"
    style="opacity: 1; webkit-transition: opacity 300ms cubic-bezier(0.4, 0, 0.2, 1) 0ms; transition: opacity 300ms cubic-bezier(0.4, 0, 0.2, 1) 0ms;"
  >
    <div>
      Child
    </div>
  </div>
</DocumentFragment>
`;
